2026-10-03T16:41:36Z INFO Logging to /tmp/logs/update_2026-10-03T16-41-36Z.log.
2026-10-03T16:41:36Z INFO Update content-id-to-usage-dandiset-path (base directory /tmp).
2026-10-03T16:41:38Z INFO 522207 content IDs are already unique; 12024 need a heuristic.
2026-10-03T16:41:39Z INFO Fetching creation times for 1 dandisets from S3.
2026-10-03T16:41:39Z INFO Resolved 1 dandiset creation times.
2026-10-03T16:41:40Z INFO Processing 260 items (534231 already recorded).
2026-10-03T16:41:40Z INFO [1/260] 0571dd42-7b0a-46b6-822f-e6aaeac69586: attributed to 001412; 0.5 s; peak memory 767 MiB.
2026-10-03T16:41:41Z INFO [2/260] 066e10d0-1847-454f-a9b8-0e733c7d29ca: attributed to 001412; 0.4 s; peak memory 767 MiB.
2026-10-03T16:41:41Z INFO [3/260] 068f9f46-0cdd-4adf-8565-17ba1e67c4e9: attributed to 001412; 0.4 s; peak memory 767 MiB.
2026-10-03T16:41:42Z INFO [4/260] 072dfb80-c6ba-4dfe-8527-b63c06c2d0fc: attributed to 001412; 0.4 s; peak memory 767 MiB.
2026-10-03T16:41:42Z INFO [5/260] 07fd920d-a4ec-40f7-bdd3-9625e8383ca1: attributed to 001412; 0.3 s; peak memory 767 MiB.
2026-10-03T16:41:42Z INFO [6/260] 08db527f-77a7-4312-8353-1a363d055d4e: attributed to 001412; 0.3 s; peak memory 767 MiB.
2026-10-03T16:41:43Z INFO [7/260] 0babcf28-5b0a-47e6-8edc-75f175fb3113: attributed to 001412; 0.3 s; peak memory 767 MiB.
2026-10-03T16:41:43Z INFO [8/260] 0c44f34c-3318-41ca-a0d8-9448e2564b40: attributed to 001412; 0.3 s; peak memory 767 MiB.
2026-10-03T16:41:43Z INFO [9/260] 0c5f7759-b439-4f87-bdee-cfd0318ebccc: attributed to 001412; 0.3 s; peak memory 767 MiB.
2026-10-03T16:41:43Z INFO [10/260] 0ebaf404-23e6-4548-a6b0-03990e6efb82: attributed to 001412; 0.3 s; peak memory 767 MiB.
2026-10-03T16:41:44Z INFO [11/260] 1031491c-db43-42fb-841f-147d891479b9: attributed to 001412; 0.3 s; peak memory 767 MiB.
2026-10-03T16:41:44Z INFO [12/260] 10f8e1fd-9b71-4495-bb59-fc4d11276db3: attributed to 001412; 0.3 s; peak memory 767 MiB.
2026-10-03T16:41:44Z INFO [13/260] 13b02916-94e3-43a0-ad15-316bd633eb03: attributed to 001412; 0.3 s; peak memory 767 MiB.
2026-10-03T16:41:44Z INFO [14/260] 13f12d26-7181-4319-9d41-ef85abbabde9: attributed to 001412; 0.3 s; peak memory 767 MiB.
2026-10-03T16:41:45Z INFO [15/260] 1427f095-e23c-4514-b4ca-15acc6e81e9a: attributed to 001412; 0.3 s; peak memory 767 MiB.
2026-10-03T16:41:45Z INFO [16/260] 14a96e39-6959-4d50-a3ef-9249473e4ab5: attributed to 001412; 0.3 s; peak memory 767 MiB.
2026-10-03T16:41:45Z INFO [17/260] 14c53235-e84a-4411-8710-5ba69ea4352d: attributed to 001412; 0.3 s; peak memory 767 MiB.
2026-10-03T16:41:46Z INFO [18/260] 15098e35-300d-4876-b082-26fbceb43191: attributed to 001412; 0.3 s; peak memory 767 MiB.
2026-10-03T16:41:46Z INFO [19/260] 16627325-9d03-4eb2-abbf-ac7f547d0794: attributed to 001412; 0.3 s; peak memory 767 MiB.
2026-10-03T16:41:46Z INFO [20/260] 16efad98-b395-476a-9f46-786fe3241065: attributed to 001412; 0.3 s; peak memory 767 MiB.
2026-10-03T16:41:46Z INFO [21/260] 184b2693-ffea-4e06-ad52-40d263cc0978: attributed to 001412; 0.3 s; peak memory 767 MiB.
2026-10-03T16:41:47Z INFO [22/260] 19579a2a-3d0a-48a1-b3c9-17b98a29a242: attributed to 001412; 0.3 s; peak memory 767 MiB.
2026-10-03T16:41:47Z INFO [23/260] 1a381f81-bb30-4fb7-abd0-7883aff2da49: attributed to 001412; 0.3 s; peak memory 767 MiB.
2026-10-03T16:41:47Z INFO [24/260] 1addf14e-b1f2-41b3-90a2-4edabc74e479: attributed to 001412; 0.3 s; peak memory 767 MiB.
2026-10-03T16:41:47Z INFO [25/260] 1b2a8db8-5b3c-417a-a915-f81785f50b94: attributed to 001412; 0.3 s; peak memory 767 MiB.
2026-10-03T16:41:48Z INFO [26/260] 1b2ee854-29c8-48d5-af97-e253eac4f551: attributed to 001412; 0.3 s; peak memory 767 MiB.
2026-10-03T16:41:48Z INFO [27/260] 1b7b4b49-5f40-4bfe-b48c-66f964d98746: attributed to 001412; 0.3 s; peak memory 767 MiB.
2026-10-03T16:41:48Z INFO [28/260] 1bbe4bbc-4a5b-4435-bd2e-1682af391825: attributed to 001412; 0.3 s; peak memory 767 MiB.
2026-10-03T16:41:49Z INFO [29/260] 1bdfc865-0441-4d01-91ec-7f72a0c41c84: attributed to 001412; 0.3 s; peak memory 767 MiB.
2026-10-03T16:41:49Z INFO [30/260] 1c2f5893-8542-4f76-97fb-f6ea1fabcaaf: attributed to 001412; 0.5 s; peak memory 767 MiB.
2026-10-03T16:41:50Z INFO [31/260] 1cb720c2-1d94-45e9-9203-9a15e0ff975b: attributed to 001412; 0.5 s; peak memory 767 MiB.
2026-10-03T16:41:50Z INFO [32/260] 1da8cb53-51ad-4781-aac1-ae9a38386648: attributed to 001412; 0.4 s; peak memory 767 MiB.
2026-10-03T16:41:50Z INFO [33/260] 1dc1df44-8077-4a45-a2c0-74af3fe8cff0: attributed to 001412; 0.3 s; peak memory 767 MiB.
2026-10-03T16:41:51Z INFO [34/260] 2076d999-aa4f-4a45-9624-074d0ebefe17: attributed to 001412; 0.3 s; peak memory 767 MiB.
2026-10-03T16:41:51Z INFO [35/260] 2092a5d9-aeaa-4338-a5de-e36e4f4d13ad: attributed to 001412; 0.3 s; peak memory 767 MiB.
2026-10-03T16:41:51Z INFO [36/260] 211931de-e648-47ba-818d-b3d1b28bfd3d: attributed to 001412; 0.3 s; peak memory 767 MiB.
2026-10-03T16:41:51Z INFO [37/260] 259249ef-5344-4e7c-81d9-c839690af7a2: attributed to 001412; 0.3 s; peak memory 767 MiB.
2026-10-03T16:41:52Z INFO [38/260] 2ab8ce13-5923-4958-84fc-6301db9a8b0c: attributed to 001412; 0.3 s; peak memory 767 MiB.
2026-10-03T16:41:52Z INFO [39/260] 2abb8cac-cfac-4657-a2ee-0d9d8088cd6d: attributed to 001412; 0.3 s; peak memory 767 MiB.
2026-10-03T16:41:52Z INFO [40/260] 2caf353a-374c-4e62-9dbb-8e16d6fbb3a0: attributed to 001412; 0.4 s; peak memory 767 MiB.
2026-10-03T16:41:53Z INFO [41/260] 2fe1707f-632b-49c1-b884-63dd932b676a: attributed to 001412; 0.5 s; peak memory 767 MiB.
2026-10-03T16:41:53Z INFO [42/260] 32e1b3df-798a-4efe-b2b4-fd0b4cc542d3: attributed to 001412; 0.5 s; peak memory 767 MiB.
2026-10-03T16:41:54Z INFO [43/260] 3394d621-66be-4c8c-b07a-694b0d8fb5ab: attributed to 001412; 0.4 s; peak memory 767 MiB.
2026-10-03T16:41:54Z INFO [44/260] 34083ea0-eb8c-4369-b6f8-39787a557d4a: attributed to 001412; 0.3 s; peak memory 767 MiB.
2026-10-03T16:41:54Z INFO [45/260] 36759ddd-0b5f-4249-bda2-d764909e4819: attributed to 001412; 0.5 s; peak memory 767 MiB.
2026-10-03T16:41:55Z INFO [46/260] 3684c41f-0445-4734-b71a-3821d5d35862: attributed to 001412; 0.6 s; peak memory 767 MiB.
2026-10-03T16:41:55Z INFO [47/260] 36a383b7-10c4-400e-b5dc-d84c79712be3: attributed to 001412; 0.4 s; peak memory 767 MiB.
2026-10-03T16:41:56Z INFO [48/260] 374341ca-db07-49e6-9f0a-c230480966c6: attributed to 001412; 0.3 s; peak memory 767 MiB.
2026-10-03T16:41:56Z INFO [49/260] 374d7d80-79bc-4aea-901f-edc8d8662d3f: attributed to 001412; 0.3 s; peak memory 767 MiB.
2026-10-03T16:41:56Z INFO [50/260] 374f3c80-d892-4adc-bcc4-d8b7fcb07340: attributed to 001412; 0.3 s; peak memory 767 MiB.
2026-10-03T16:41:58Z INFO [50/260] 374f3c80-d892-4adc-bcc4-d8b7fcb07340: checkpointed 534231 records.
2026-10-03T16:41:58Z INFO [51/260] 38f3fa16-f174-4516-88e4-0193a9c34d16: attributed to 001412; 0.5 s; peak memory 767 MiB.
2026-10-03T16:41:59Z INFO [52/260] 3bf6eb53-a0fa-4f40-9bb4-09a437bc85a2: attributed to 001412; 0.6 s; peak memory 767 MiB.
2026-10-03T16:41:59Z INFO [53/260] 3c174653-7edf-42fc-bfca-440ac739b265: attributed to 001412; 0.5 s; peak memory 767 MiB.
2026-10-03T16:42:00Z INFO [54/260] 3d201ec4-58b0-452a-b0f8-43a563aa563f: attributed to 001412; 0.6 s; peak memory 767 MiB.
2026-10-03T16:42:00Z INFO [55/260] 3d706781-b260-4bfb-90df-7a9803563e78: attributed to 001412; 0.5 s; peak memory 767 MiB.
2026-10-03T16:42:01Z INFO [56/260] 3de248c8-2d9f-4a8a-aeb1-52d91429e073: attributed to 001412; 0.3 s; peak memory 767 MiB.
2026-10-03T16:42:01Z INFO [57/260] 3ec36c87-6ae8-407c-93db-69fd6c80dc6e: attributed to 001412; 0.3 s; peak memory 767 MiB.
2026-10-03T16:42:01Z INFO [58/260] 40062d0c-f12c-46f6-a057-58e92691574e: attributed to 001412; 0.4 s; peak memory 767 MiB.
2026-10-03T16:42:02Z INFO [59/260] 40d34ac0-c647-496a-93f3-a06aa3a89501: attributed to 001412; 0.4 s; peak memory 767 MiB.
2026-10-03T16:42:02Z INFO [60/260] 411dfa7d-2c00-4f8e-825f-f0e7d0651c00: attributed to 001412; 0.4 s; peak memory 767 MiB.
2026-10-03T16:42:02Z INFO [61/260] 418b1614-2ae7-4227-b8a1-d77e1a414711: attributed to 001412; 0.4 s; peak memory 767 MiB.
2026-10-03T16:42:03Z INFO [62/260] 421927e9-4a49-4db1-bbcf-d125af3ce943: attributed to 001412; 0.5 s; peak memory 767 MiB.
2026-10-03T16:42:03Z INFO [63/260] 42cda70f-b862-4a86-b415-e461e3ac4c19: attributed to 001412; 0.5 s; peak memory 767 MiB.
2026-10-03T16:42:04Z INFO [64/260] 43e4d87a-7234-4581-aebd-a6df1428e9be: attributed to 001412; 0.5 s; peak memory 767 MiB.
2026-10-03T16:42:04Z INFO [65/260] 44339c67-4763-4b82-8a3c-28e37f89312d: attributed to 001412; 0.3 s; peak memory 767 MiB.
2026-10-03T16:42:04Z INFO [66/260] 447e068b-7ddc-40a3-8853-ee67d54c56eb: attributed to 001412; 0.3 s; peak memory 767 MiB.
2026-10-03T16:42:05Z INFO [67/260] 44c91554-c775-43fd-b285-ca9b58b23719: attributed to 001412; 0.3 s; peak memory 767 MiB.
2026-10-03T16:42:05Z INFO [68/260] 45178b88-63c2-4270-9323-9741109062cc: attributed to 001412; 0.3 s; peak memory 767 MiB.
2026-10-03T16:42:05Z INFO [69/260] 45188d2b-e5f3-4342-98d0-f7e999559d1d: attributed to 001412; 0.3 s; peak memory 767 MiB.
2026-10-03T16:42:05Z INFO [70/260] 4668d374-c5b0-424a-a9a0-1e21f2d20bac: attributed to 001412; 0.3 s; peak memory 767 MiB.
2026-10-03T16:42:06Z INFO [71/260] 46c3c0e3-9868-40c0-b31f-78715dfd2af6: attributed to 001412; 0.3 s; peak memory 767 MiB.
2026-10-03T16:42:06Z INFO [72/260] 46c6596a-e9bb-4197-aef9-50615f8694f8: attributed to 001412; 0.3 s; peak memory 767 MiB.
2026-10-03T16:42:06Z INFO [73/260] 46ecc460-0d76-4f8e-9e34-813bfc353445: attributed to 001412; 0.3 s; peak memory 767 MiB.
2026-10-03T16:42:07Z INFO [74/260] 47cb61a6-87fb-40ef-a9be-7e1ad4b953b2: attributed to 001412; 0.3 s; peak memory 767 MiB.
2026-10-03T16:42:07Z INFO [75/260] 47ef877d-ac34-41de-ba2e-201599afdc8f: attributed to 001412; 0.3 s; peak memory 767 MiB.
2026-10-03T16:42:07Z INFO [76/260] 49605ab1-115e-4f13-adc2-91e223195752: attributed to 001412; 0.3 s; peak memory 767 MiB.
2026-10-03T16:42:08Z INFO [77/260] 4a9277cd-6ff0-467e-ac1b-7c8a46bf9aa2: attributed to 001412; 0.3 s; peak memory 767 MiB.
2026-10-03T16:42:08Z INFO [78/260] 4bccee6f-5d93-4535-a14a-edd1b6411730: attributed to 001412; 0.4 s; peak memory 767 MiB.
2026-10-03T16:42:08Z INFO [79/260] 4c5d2c91-8ee0-4be5-ac33-3583187bbbb7: attributed to 001412; 0.4 s; peak memory 767 MiB.
2026-10-03T16:42:09Z INFO [80/260] 4cd064ce-b2f2-449a-ab3f-5dc86aa388a7: attributed to 001412; 0.5 s; peak memory 767 MiB.
2026-10-03T16:42:09Z INFO [81/260] 4d16cb52-5fde-4f37-bbe6-70e1d9b45320: attributed to 001412; 0.4 s; peak memory 767 MiB.
2026-10-03T16:42:10Z INFO [82/260] 4d51284f-9c64-4da3-827f-cd6fd334c946: attributed to 001412; 0.4 s; peak memory 767 MiB.
2026-10-03T16:42:10Z INFO [83/260] 4de1da07-a11f-4441-9b0a-202b8ac2ba00: attributed to 001412; 0.5 s; peak memory 767 MiB.
2026-10-03T16:42:10Z INFO [84/260] 4e32328a-2712-4452-adec-0779aba1b753: attributed to 001412; 0.3 s; peak memory 767 MiB.
2026-10-03T16:42:11Z INFO [85/260] 4e59b77e-7aab-4e22-9086-97adf018544a: attributed to 001412; 0.3 s; peak memory 767 MiB.
2026-10-03T16:42:11Z INFO [86/260] 4f36f90b-c91c-45ad-aef7-ad63ab29ff07: attributed to 001412; 0.3 s; peak memory 767 MiB.
2026-10-03T16:42:11Z INFO [87/260] 50db8b73-2e7c-4001-acc9-7d6161c582b3: attributed to 001412; 0.3 s; peak memory 767 MiB.
2026-10-03T16:42:11Z INFO [88/260] 50f41983-d707-454a-a16c-2dc781211425: attributed to 001412; 0.3 s; peak memory 767 MiB.
2026-10-03T16:42:12Z INFO [89/260] 52c6f7c6-f2e9-45ee-bd62-27c6f55fc113: attributed to 001412; 0.3 s; peak memory 767 MiB.
2026-10-03T16:42:12Z INFO [90/260] 53349894-aac7-4565-b61e-4650d09810b0: attributed to 001412; 0.3 s; peak memory 767 MiB.
2026-10-03T16:42:12Z INFO [91/260] 5408e2cb-9811-4ba7-b045-eb76404ff91c: attributed to 001412; 0.3 s; peak memory 767 MiB.
2026-10-03T16:42:12Z INFO [92/260] 54cc0ed5-b36c-4bb2-a4d2-0190c9dc1b59: attributed to 001412; 0.3 s; peak memory 767 MiB.
2026-10-03T16:42:13Z INFO [93/260] 55dedfea-5005-4444-8041-c37f7029e98b: attributed to 001412; 0.3 s; peak memory 767 MiB.
2026-10-03T16:42:13Z INFO [94/260] 55f177e4-a3b5-40bd-ab8a-ba61c1133265: attributed to 001412; 0.3 s; peak memory 767 MiB.
2026-10-03T16:42:13Z INFO [95/260] 562921e2-706a-49b5-a79e-eb769aef1698: attributed to 001412; 0.3 s; peak memory 767 MiB.
2026-10-03T16:42:14Z INFO [96/260] 56684b64-27ff-410b-a85e-e71ebddbae06: attributed to 001412; 0.3 s; peak memory 767 MiB.
2026-10-03T16:42:14Z INFO [97/260] 56c017f8-b2e0-402b-950d-bb36ef79567a: attributed to 001412; 0.3 s; peak memory 767 MiB.
2026-10-03T16:42:14Z INFO [98/260] 57972795-4d78-410e-b13c-74f318916210: attributed to 001412; 0.3 s; peak memory 767 MiB.
2026-10-03T16:42:14Z INFO [99/260] 59c4d736-0f6c-448b-872f-1137e6a9117c: attributed to 001412; 0.3 s; peak memory 767 MiB.
2026-10-03T16:42:15Z INFO [100/260] 5abbbda9-b334-41eb-96cb-81fa4c950ebc: attributed to 001412; 0.3 s; peak memory 767 MiB.
2026-10-03T16:42:16Z INFO [100/260] 5abbbda9-b334-41eb-96cb-81fa4c950ebc: checkpointed 534231 records.
2026-10-03T16:42:17Z INFO [101/260] 5d2fd1a0-1ce0-43c7-8453-4a2119dad764: attributed to 001412; 0.5 s; peak memory 767 MiB.
2026-10-03T16:42:17Z INFO [102/260] 5f15d25d-6570-4a6b-824a-496803721707: attributed to 001412; 0.3 s; peak memory 767 MiB.
2026-10-03T16:42:17Z INFO [103/260] 5fca15b9-5b45-4391-b5cd-fbd74810f974: attributed to 001412; 0.3 s; peak memory 767 MiB.
2026-10-03T16:42:18Z INFO [104/260] 60aeafb5-f1bb-40ef-bdf6-e11897390c1f: attributed to 001412; 0.3 s; peak memory 767 MiB.
2026-10-03T16:42:18Z INFO [105/260] 61268b5d-1ec2-4ca4-9d60-aacafe6bd1ba: attributed to 001412; 0.3 s; peak memory 767 MiB.
2026-10-03T16:42:18Z INFO [106/260] 61b808b1-16d3-4306-b838-b29fb0a7bc2d: attributed to 001412; 0.3 s; peak memory 767 MiB.
2026-10-03T16:42:19Z INFO [107/260] 64c94d6f-a509-44f1-b41f-e513e7f4e7e3: attributed to 001412; 0.3 s; peak memory 767 MiB.
2026-10-03T16:42:19Z INFO [108/260] 67084189-b9be-4f97-af91-7585ce8e9cfc: attributed to 001412; 0.3 s; peak memory 767 MiB.
2026-10-03T16:42:19Z INFO [109/260] 6725bc64-778e-4cc1-a7b8-75b607bb6e99: attributed to 001412; 0.3 s; peak memory 767 MiB.
2026-10-03T16:42:19Z INFO [110/260] 677c5db4-7566-45d6-82f6-66e9aae31436: attributed to 001412; 0.3 s; peak memory 767 MiB.
2026-10-03T16:42:20Z INFO [111/260] 6783740d-e2b5-4d87-ab46-b84f5f2423d3: attributed to 001412; 0.3 s; peak memory 767 MiB.
2026-10-03T16:42:20Z INFO [112/260] 6952cafc-925b-46f1-a307-430593c8009b: attributed to 001412; 0.3 s; peak memory 767 MiB.
2026-10-03T16:42:20Z INFO [113/260] 6b03e0b0-49c6-4a21-9cbc-b0671248488d: attributed to 001412; 0.3 s; peak memory 767 MiB.
2026-10-03T16:42:20Z INFO [114/260] 6b099cbc-0386-422b-b55a-4e29580b930c: attributed to 001412; 0.3 s; peak memory 767 MiB.
2026-10-03T16:42:21Z INFO [115/260] 6b3295b0-edc8-48f2-9d10-3e488c3b5d6f: attributed to 001412; 0.3 s; peak memory 767 MiB.
2026-10-03T16:42:21Z INFO [116/260] 6c50783c-4dba-4176-999a-23b203cb647a: attributed to 001412; 0.4 s; peak memory 767 MiB.
2026-10-03T16:42:22Z INFO [117/260] 6e87083f-e114-4d28-b7fd-202a7637300a: attributed to 001412; 0.7 s; peak memory 767 MiB.
2026-10-03T16:42:22Z INFO [118/260] 6f337b69-eaf8-4b51-9822-b67335762856: attributed to 001412; 0.6 s; peak memory 767 MiB.
2026-10-03T16:42:23Z INFO [119/260] 6f5ffa0a-e4da-4d38-823f-9c8012d89771: attributed to 001412; 0.5 s; peak memory 767 MiB.
2026-10-03T16:42:23Z INFO [120/260] 6f6c8600-9c3c-4e01-9be4-68deb68d20e2: attributed to 001412; 0.4 s; peak memory 767 MiB.
2026-10-03T16:42:24Z INFO [121/260] 70087948-f7f6-4449-8768-469d53e582de: attributed to 001412; 0.3 s; peak memory 767 MiB.
2026-10-03T16:42:24Z INFO [122/260] 70359889-db9d-436b-9d8a-b1ba7d09b95e: attributed to 001412; 0.4 s; peak memory 767 MiB.
2026-10-03T16:42:25Z INFO [123/260] 72407c75-f80f-49ed-bdb1-6a27647d6f86: attributed to 001412; 0.6 s; peak memory 767 MiB.
2026-10-03T16:42:25Z INFO [124/260] 744586bf-1f99-40fd-be9c-8463882df6d5: attributed to 001412; 0.6 s; peak memory 767 MiB.
2026-10-03T16:42:26Z INFO [125/260] 74dca389-2c3c-4391-9d8b-8bd434b58d56: attributed to 001412; 0.6 s; peak memory 767 MiB.
2026-10-03T16:42:27Z INFO [126/260] 75e3d575-1eb7-4f44-b45e-94ea25775844: attributed to 001412; 0.8 s; peak memory 767 MiB.
2026-10-03T16:42:27Z INFO [127/260] 76ecca8d-8530-45dc-852b-5f63e9c876ec: attributed to 001412; 0.6 s; peak memory 767 MiB.
2026-10-03T16:42:28Z INFO [128/260] 79162cda-e178-4b26-9f76-95cddf84c477: attributed to 001412; 0.5 s; peak memory 767 MiB.
2026-10-03T16:42:28Z INFO [129/260] 7ae69b31-381f-4370-af90-dfc45138de0b: attributed to 001412; 0.4 s; peak memory 767 MiB.
2026-10-03T16:42:29Z INFO [130/260] 7bf85536-1c50-4e78-974e-5ac4f47ba5ac: attributed to 001412; 0.5 s; peak memory 767 MiB.
2026-10-03T16:42:29Z INFO [131/260] 7c14a1a9-b488-4f68-8d5d-6c5f6685f0dd: attributed to 001412; 0.5 s; peak memory 767 MiB.
2026-10-03T16:42:29Z INFO [132/260] 7c1fc5b7-9dc5-4ce8-acb2-b2115df84338: attributed to 001412; 0.3 s; peak memory 767 MiB.
2026-10-03T16:42:30Z INFO [133/260] 7d20baa0-7539-4547-9135-d77751d58c33: attributed to 001412; 0.3 s; peak memory 767 MiB.
2026-10-03T16:42:30Z INFO [134/260] 7d4a2668-a36c-4fb6-b767-995863c0ec45: attributed to 001412; 0.3 s; peak memory 767 MiB.
2026-10-03T16:42:30Z INFO [135/260] 7dfd38ea-9eed-4a0c-a2a5-da62ee9af979: attributed to 001412; 0.3 s; peak memory 767 MiB.
2026-10-03T16:42:30Z INFO [136/260] 7e48a9b1-1d09-438a-a29c-4674596e6fa8: attributed to 001412; 0.3 s; peak memory 767 MiB.
2026-10-03T16:42:31Z INFO [137/260] 7e757af2-cb81-435d-8829-2e1f1e77f5bb: attributed to 001412; 0.3 s; peak memory 767 MiB.
2026-10-03T16:42:31Z INFO [138/260] 7f28ad86-d4b3-4846-b6a9-ae390682c0b7: attributed to 001412; 0.3 s; peak memory 767 MiB.
2026-10-03T16:42:31Z INFO [139/260] 7fa62544-4bd4-44e6-b38f-cfd2ac6fa0e4: attributed to 001412; 0.3 s; peak memory 767 MiB.
2026-10-03T16:42:31Z INFO [140/260] 83525249-871f-48a5-811d-1167e18f40bd: attributed to 001412; 0.3 s; peak memory 767 MiB.
2026-10-03T16:42:32Z INFO [141/260] 83a1e385-6550-410e-a49c-eabdcabe70a2: attributed to 001412; 0.3 s; peak memory 767 MiB.
2026-10-03T16:42:32Z INFO [142/260] 88fdeae3-2605-4a3b-a5e6-f9a1e8e8cc2a: attributed to 001412; 0.4 s; peak memory 767 MiB.
2026-10-03T16:42:32Z INFO [143/260] 8906dd0c-186f-46e8-9506-adf9299b4de9: attributed to 001412; 0.3 s; peak memory 767 MiB.
2026-10-03T16:42:33Z INFO [144/260] 8b22ebb5-9349-4bb0-b651-4868acb5090c: attributed to 001412; 0.3 s; peak memory 767 MiB.
2026-10-03T16:42:33Z INFO [145/260] 8b580270-01d6-4982-8a4d-ac3ddfc57707: attributed to 001412; 0.3 s; peak memory 767 MiB.
2026-10-03T16:42:33Z INFO [146/260] 8dd900ec-eba3-4088-aaaf-d0af7cf19777: attributed to 001412; 0.3 s; peak memory 767 MiB.
2026-10-03T16:42:34Z INFO [147/260] 8eae58ac-d951-4d78-b999-8a01b518b74b: attributed to 001412; 0.3 s; peak memory 767 MiB.
2026-10-03T16:42:34Z INFO [148/260] 8eeefa38-3fd7-46d2-8fc4-840d34ddcbe3: attributed to 001412; 0.3 s; peak memory 767 MiB.
2026-10-03T16:42:34Z INFO [149/260] 8f1f7239-03ff-464c-a7ad-678bd3700fec: attributed to 001412; 0.3 s; peak memory 767 MiB.
2026-10-03T16:42:35Z INFO [150/260] 8fcc20a0-20f7-4d34-94fa-b3b2e3bf6d6b: attributed to 001412; 0.3 s; peak memory 767 MiB.
2026-10-03T16:42:36Z INFO [150/260] 8fcc20a0-20f7-4d34-94fa-b3b2e3bf6d6b: checkpointed 534231 records.
2026-10-03T16:42:36Z INFO [151/260] 90c2092b-3e65-4883-b867-44e0914bef1e: attributed to 001412; 0.3 s; peak memory 767 MiB.
2026-10-03T16:42:36Z INFO [152/260] 920b372c-bbeb-4ca7-af27-253b7a7b88ba: attributed to 001412; 0.3 s; peak memory 767 MiB.
2026-10-03T16:42:37Z INFO [153/260] 93551ad3-a0bb-4725-95af-b5296b61f384: attributed to 001412; 0.3 s; peak memory 767 MiB.
2026-10-03T16:42:37Z INFO [154/260] 95bec6c2-46d5-4f6d-b1e5-b40240f88479: attributed to 001412; 0.3 s; peak memory 767 MiB.
2026-10-03T16:42:37Z INFO [155/260] 96a29edd-fb4b-473a-bb65-b93a83fe7a18: attributed to 001412; 0.3 s; peak memory 767 MiB.
2026-10-03T16:42:38Z INFO [156/260] 9bf02607-9bc8-4c55-8e09-e2956618f13e: attributed to 001412; 0.3 s; peak memory 767 MiB.
2026-10-03T16:42:38Z INFO [157/260] 9c5b001c-2fda-4f5d-8dc1-fb1703c0ce60: attributed to 001412; 0.3 s; peak memory 767 MiB.
2026-10-03T16:42:38Z INFO [158/260] 9d0689c4-f86d-4831-bd64-49ec90c19953: attributed to 001412; 0.3 s; peak memory 767 MiB.
2026-10-03T16:42:38Z INFO [159/260] 9e57ab77-e2bc-436d-8abe-e3029beb4746: attributed to 001412; 0.3 s; peak memory 767 MiB.
2026-10-03T16:42:39Z INFO [160/260] 9ecdcf8e-4532-441f-a735-4f4bb95bde2a: attributed to 001412; 0.3 s; peak memory 767 MiB.
2026-10-03T16:42:39Z INFO [161/260] 9f50b4ef-47f7-4226-8333-f7b8a774b156: attributed to 001412; 0.3 s; peak memory 767 MiB.
2026-10-03T16:42:39Z INFO [162/260] a09765a0-1de5-41db-b704-eb657d784ab6: attributed to 001412; 0.3 s; peak memory 767 MiB.
2026-10-03T16:42:39Z INFO [163/260] a220ae7b-c6d1-4187-af83-47593b751fdb: attributed to 001412; 0.3 s; peak memory 767 MiB.
2026-10-03T16:42:40Z INFO [164/260] a2e762b9-7c88-49ea-a6f4-26335d50fae4: attributed to 001412; 0.3 s; peak memory 767 MiB.
2026-10-03T16:42:40Z INFO [165/260] a31c3a0e-9fc2-4fc0-bcb2-7d0ce99140d8: attributed to 001412; 0.3 s; peak memory 767 MiB.
2026-10-03T16:42:40Z INFO [166/260] a3528312-30a1-482b-91fb-5833b2cde870: attributed to 001412; 0.3 s; peak memory 767 MiB.
2026-10-03T16:42:41Z INFO [167/260] a4a4774a-92a8-4be2-90d6-8ab0013d8df4: attributed to 001412; 0.3 s; peak memory 767 MiB.
2026-10-03T16:42:41Z INFO [168/260] a6dce2c7-a682-46e8-85d8-382bf5c1fa9c: attributed to 001412; 0.3 s; peak memory 767 MiB.
2026-10-03T16:42:41Z INFO [169/260] a7a3e687-c5d9-4b28-bdb6-59a226ce2e65: attributed to 001412; 0.3 s; peak memory 767 MiB.
2026-10-03T16:42:42Z INFO [170/260] a7e4bcd1-0544-4860-a62b-34fc5436433f: attributed to 001412; 0.5 s; peak memory 767 MiB.
2026-10-03T16:42:42Z INFO [171/260] a8997252-fc76-4edb-82cd-e5b595714f77: attributed to 001412; 0.3 s; peak memory 767 MiB.
2026-10-03T16:42:42Z INFO [172/260] a8d495ba-589f-4346-bbc8-69faaa335770: attributed to 001412; 0.3 s; peak memory 767 MiB.
2026-10-03T16:42:43Z INFO [173/260] a9a750dc-3929-4754-90dd-2311856dbd84: attributed to 001412; 0.3 s; peak memory 767 MiB.
2026-10-03T16:42:43Z INFO [174/260] ac901b89-4539-4a15-917c-712000b143f2: attributed to 001412; 0.3 s; peak memory 767 MiB.
2026-10-03T16:42:43Z INFO [175/260] acfce38e-6684-4cdd-9ea5-3b7f2c2499c6: attributed to 001412; 0.3 s; peak memory 767 MiB.
2026-10-03T16:42:43Z INFO [176/260] adf56cd5-6160-4ed1-99f8-49231d4bdafd: attributed to 001412; 0.3 s; peak memory 767 MiB.
2026-10-03T16:42:44Z INFO [177/260] b04e876a-dd29-4d7e-99f8-169be3b0ac6f: attributed to 001412; 0.3 s; peak memory 767 MiB.
2026-10-03T16:42:44Z INFO [178/260] b3cd8fe9-4374-4abb-96c4-3c4e0221e486: attributed to 001412; 0.3 s; peak memory 767 MiB.
2026-10-03T16:42:44Z INFO [179/260] b3fbc5ba-0e1c-44d8-89ca-4d4f2a396e19: attributed to 001412; 0.4 s; peak memory 767 MiB.
2026-10-03T16:42:44Z INFO [180/260] b51d697b-f32b-4f20-ae2d-f789ba170f5a: attributed to 001412; 0.3 s; peak memory 767 MiB.
2026-10-03T16:42:45Z INFO [181/260] b53b1387-0172-4cd4-8034-c7cac01b96bd: attributed to 001412; 0.3 s; peak memory 767 MiB.
2026-10-03T16:42:45Z INFO [182/260] b8f50ebc-09ac-480a-86e2-24fe8295adda: attributed to 001412; 0.3 s; peak memory 767 MiB.
2026-10-03T16:42:45Z INFO [183/260] b941a8bb-117e-4152-9f32-a2c00970fb9e: attributed to 001412; 0.3 s; peak memory 767 MiB.
2026-10-03T16:42:46Z INFO [184/260] b9d36601-20c6-4ee7-a802-f5c0765bad40: attributed to 001412; 0.3 s; peak memory 767 MiB.
2026-10-03T16:42:46Z INFO [185/260] ba42bf10-cf3c-4349-b9b9-5ed30f6d1bff: attributed to 001412; 0.3 s; peak memory 767 MiB.
2026-10-03T16:42:46Z INFO [186/260] bbddb845-a18e-41b1-ac0b-452be86261a9: attributed to 001412; 0.3 s; peak memory 767 MiB.
2026-10-03T16:42:46Z INFO [187/260] bbe825d3-95b0-49a9-9519-ddefc91b3ce0: attributed to 001412; 0.3 s; peak memory 767 MiB.
2026-10-03T16:42:47Z INFO [188/260] bc50430f-d620-4119-a4a2-21b59e813afd: attributed to 001412; 0.3 s; peak memory 767 MiB.
2026-10-03T16:42:47Z INFO [189/260] bc5e1780-d5c3-4c80-9476-ab1fc92dc318: attributed to 001412; 0.3 s; peak memory 767 MiB.
2026-10-03T16:42:47Z INFO [190/260] bcc22806-e346-4b38-809a-b6ae0e04ea8f: attributed to 001412; 0.3 s; peak memory 767 MiB.
2026-10-03T16:42:47Z INFO [191/260] bcfd9fd0-404e-40d1-b0e2-27a0bbd84d5b: attributed to 001412; 0.3 s; peak memory 767 MiB.
2026-10-03T16:42:48Z INFO [192/260] bd2bb669-3107-44a1-a140-0600f66aa55a: attributed to 001412; 0.3 s; peak memory 767 MiB.
2026-10-03T16:42:48Z INFO [193/260] bd34dfd3-5480-402a-bc05-9b84dba3cc5c: attributed to 001412; 0.3 s; peak memory 767 MiB.
2026-10-03T16:42:48Z INFO [194/260] bd37eebb-4f17-47de-9b07-3c8f1b17ab7f: attributed to 001412; 0.3 s; peak memory 767 MiB.
2026-10-03T16:42:49Z INFO [195/260] bdd9a580-a79d-4224-8aff-84638eac1dd9: attributed to 001412; 0.5 s; peak memory 767 MiB.
2026-10-03T16:42:49Z INFO [196/260] be3ae7a0-7f70-4860-97b8-398736e0f274: attributed to 001412; 0.3 s; peak memory 767 MiB.
2026-10-03T16:42:50Z INFO [197/260] bf9a8c4a-70c6-46c5-8e0d-90a320fc71ce: attributed to 001412; 0.4 s; peak memory 767 MiB.
2026-10-03T16:42:50Z INFO [198/260] bfacbb48-fb39-4276-af08-9474d9f572f6: attributed to 001412; 0.4 s; peak memory 767 MiB.
2026-10-03T16:42:50Z INFO [199/260] bfafba44-5c37-44bd-90fc-74ac60714f21: attributed to 001412; 0.3 s; peak memory 767 MiB.
2026-10-03T16:42:50Z INFO [200/260] c0480008-8948-49fb-930e-fde8ea1ad280: attributed to 001412; 0.3 s; peak memory 767 MiB.
2026-10-03T16:42:52Z INFO [200/260] c0480008-8948-49fb-930e-fde8ea1ad280: checkpointed 534231 records.
2026-10-03T16:42:52Z INFO [201/260] c17b0d66-620f-4bcb-95e2-d6c522ee2cf9: attributed to 001412; 0.3 s; peak memory 767 MiB.
2026-10-03T16:42:52Z INFO [202/260] c2da0130-94e6-4ca8-87c4-d2c89ccf45d3: attributed to 001412; 0.3 s; peak memory 767 MiB.
2026-10-03T16:42:53Z INFO [203/260] c2dd7195-0cfa-4718-bfe8-18c3e6c70d84: attributed to 001412; 0.3 s; peak memory 767 MiB.
2026-10-03T16:42:53Z INFO [204/260] c30994a8-b5f3-44b1-ac10-2d5b7d0ad898: attributed to 001412; 0.3 s; peak memory 767 MiB.
2026-10-03T16:42:53Z INFO [205/260] c53301d6-0b44-45a9-a1a4-398628812469: attributed to 001412; 0.5 s; peak memory 767 MiB.
2026-10-03T16:42:54Z INFO [206/260] c94fdd00-3f87-49d7-8a3b-dc3fcce7a4fd: attributed to 001412; 0.6 s; peak memory 767 MiB.
2026-10-03T16:42:54Z INFO [207/260] ca0f8470-a99a-41fd-aad6-65a12f9b65b9: attributed to 001412; 0.3 s; peak memory 767 MiB.
2026-10-03T16:42:55Z INFO [208/260] cc8b4ed3-58fe-4fcf-a75f-225e7cf07032: attributed to 001412; 0.3 s; peak memory 767 MiB.
2026-10-03T16:42:55Z INFO [209/260] cd7269e6-4c07-482b-b949-0b810ed37514: attributed to 001412; 0.3 s; peak memory 767 MiB.
2026-10-03T16:42:55Z INFO [210/260] cd9cfe48-b085-42e6-93d0-bf7083f92e20: attributed to 001412; 0.4 s; peak memory 767 MiB.
2026-10-03T16:42:56Z INFO [211/260] cdf699b0-11a0-44ae-940f-0bf449a2b5a0: attributed to 001412; 0.5 s; peak memory 767 MiB.
2026-10-03T16:42:56Z INFO [212/260] d0cfedb2-f944-444a-b2a3-66c588173b70: attributed to 001412; 0.5 s; peak memory 767 MiB.
2026-10-03T16:42:57Z INFO [213/260] d4411c48-ff89-42aa-bd9e-ee901e280bb5: attributed to 001412; 0.3 s; peak memory 767 MiB.
2026-10-03T16:42:57Z INFO [214/260] d4c4c5d6-853a-4822-9365-654ee6817a15: attributed to 001412; 0.4 s; peak memory 767 MiB.
2026-10-03T16:42:57Z INFO [215/260] d4d63d9f-1f84-4b50-b041-349dd7c5aca6: attributed to 001412; 0.4 s; peak memory 767 MiB.
2026-10-03T16:42:58Z INFO [216/260] d756153d-3303-4116-81fa-c70c5fad025f: attributed to 001412; 0.3 s; peak memory 767 MiB.
2026-10-03T16:42:58Z INFO [217/260] d83dab26-55f7-4a95-be48-eeac44484271: attributed to 001412; 0.3 s; peak memory 767 MiB.
2026-10-03T16:42:58Z INFO [218/260] d9c048d5-15b6-4d4f-b7a2-94f2d8efbbe5: attributed to 001412; 0.3 s; peak memory 767 MiB.
2026-10-03T16:42:59Z INFO [219/260] db26c269-8112-49ad-be17-9cd55778f7e1: attributed to 001412; 0.5 s; peak memory 767 MiB.
2026-10-03T16:43:00Z INFO [220/260] db758ca4-8bff-4d7e-92c1-c27e0225364b: attributed to 001412; 0.7 s; peak memory 767 MiB.
2026-10-03T16:43:01Z INFO [221/260] dbdcd816-65ef-44d9-b2b9-d061b6bd61d4: attributed to 001412; 0.9 s; peak memory 767 MiB.
2026-10-03T16:43:01Z INFO [222/260] dc8cbcf7-e15c-4e6d-8c4f-7cd64c729df3: attributed to 001412; 0.6 s; peak memory 767 MiB.
2026-10-03T16:43:02Z INFO [223/260] ddf96d08-0531-4fca-8712-b8e46eb05372: attributed to 001412; 0.4 s; peak memory 767 MiB.
2026-10-03T16:43:02Z INFO [224/260] df6d3dab-c387-4cd5-825a-8810efa11837: attributed to 001412; 0.3 s; peak memory 767 MiB.
2026-10-03T16:43:02Z INFO [225/260] e03b957f-e702-43be-b9ae-3230de3dafc4: attributed to 001412; 0.5 s; peak memory 767 MiB.
2026-10-03T16:43:03Z INFO [226/260] e03dd7a2-5bc0-4c98-8bf9-6b8aa801000d: attributed to 001412; 0.5 s; peak memory 767 MiB.
2026-10-03T16:43:03Z INFO [227/260] e2d7d6a0-48e1-458c-9a3d-22d2a177aabb: attributed to 001412; 0.4 s; peak memory 767 MiB.
2026-10-03T16:43:03Z INFO [228/260] e5a98f7f-6b44-475e-9a53-e2f4b11e2e73: attributed to 001412; 0.3 s; peak memory 767 MiB.
2026-10-03T16:43:04Z INFO [229/260] e5cca314-d9e9-4dd5-b809-429eadbe260f: attributed to 001412; 0.3 s; peak memory 767 MiB.
2026-10-03T16:43:04Z INFO [230/260] e5f6fcc5-6996-44e7-ad04-bd740e9a4e05: attributed to 001412; 0.4 s; peak memory 767 MiB.
2026-10-03T16:43:04Z INFO [231/260] e67723da-52a5-4bb2-afca-d78de29f995d: attributed to 001412; 0.3 s; peak memory 767 MiB.
2026-10-03T16:43:05Z INFO [232/260] e6e68643-e57e-46c7-b589-22bc790e4585: attributed to 001412; 0.3 s; peak memory 767 MiB.
2026-10-03T16:43:05Z INFO [233/260] eb87646c-1724-4982-8aae-2c45e711d95f: attributed to 001412; 0.3 s; peak memory 767 MiB.
2026-10-03T16:43:05Z INFO [234/260] ecf84731-7b51-4216-bb41-43196738f371: attributed to 001412; 0.3 s; peak memory 767 MiB.
2026-10-03T16:43:05Z INFO [235/260] ed017a7c-574b-4ee1-862e-a409d3458a70: attributed to 001412; 0.3 s; peak memory 767 MiB.
2026-10-03T16:43:06Z INFO [236/260] ee772f61-3603-4fce-b1e6-7fa86af047e0: attributed to 001412; 0.3 s; peak memory 767 MiB.
2026-10-03T16:43:06Z INFO [237/260] ee99ad90-f072-4894-8b6a-ccfc50fe6f5d: attributed to 001412; 0.3 s; peak memory 767 MiB.
2026-10-03T16:43:06Z INFO [238/260] ef61282d-1fcb-4b3e-88ef-367a5cfc59ef: attributed to 001412; 0.3 s; peak memory 767 MiB.
2026-10-03T16:43:07Z INFO [239/260] effa28cc-c1f4-4b30-ae01-4b6226253d9f: attributed to 001412; 0.3 s; peak memory 767 MiB.
2026-10-03T16:43:07Z INFO [240/260] f055fa8a-b3e5-4706-b09e-47aa68e69d18: attributed to 001412; 0.3 s; peak memory 767 MiB.
2026-10-03T16:43:07Z INFO [241/260] f0aede4e-3d9e-4f06-a029-c0aa5949a15a: attributed to 001412; 0.3 s; peak memory 767 MiB.
2026-10-03T16:43:07Z INFO [242/260] f19949f7-e02c-4a9c-8555-a74495f9df98: attributed to 001412; 0.3 s; peak memory 767 MiB.
2026-10-03T16:43:08Z INFO [243/260] f1dea472-437a-4a05-a817-0b88fd3068a8: attributed to 001412; 0.3 s; peak memory 767 MiB.
2026-10-03T16:43:08Z INFO [244/260] f2eb4d8e-02be-4cdb-b130-bb8ddbdc1779: attributed to 001412; 0.3 s; peak memory 767 MiB.
2026-10-03T16:43:08Z INFO [245/260] f39ef6a5-1b8e-443d-aca4-6c1ae963acd6: attributed to 001412; 0.3 s; peak memory 767 MiB.
2026-10-03T16:43:08Z INFO [246/260] f43bba0a-fc31-4b2a-9f67-383550045822: attributed to 001412; 0.3 s; peak memory 767 MiB.
2026-10-03T16:43:09Z INFO [247/260] f457c2ef-acac-4226-a8c5-b132a1838d42: attributed to 001412; 0.3 s; peak memory 767 MiB.
2026-10-03T16:43:09Z INFO [248/260] f6107af7-f5cf-4e29-9fbd-dc3192891a60: attributed to 001412; 0.3 s; peak memory 767 MiB.
2026-10-03T16:43:09Z INFO [249/260] f7660c93-c087-41bd-887c-85caa78b84c6: attributed to 001412; 0.3 s; peak memory 767 MiB.
2026-10-03T16:43:10Z INFO [250/260] f7e41924-981d-4999-8fb1-a237d0aa5217: attributed to 001412; 0.3 s; peak memory 767 MiB.
2026-10-03T16:43:11Z INFO [250/260] f7e41924-981d-4999-8fb1-a237d0aa5217: checkpointed 534231 records.
2026-10-03T16:43:11Z INFO [251/260] f92f31bd-9b63-44cc-9eb5-cba1ee78d69c: attributed to 001412; 0.3 s; peak memory 767 MiB.
2026-10-03T16:43:12Z INFO [252/260] f9f691e2-c943-4f08-a83b-18f510817cda: attributed to 001412; 0.3 s; peak memory 767 MiB.
2026-10-03T16:43:12Z INFO [253/260] fb3c6a16-d53f-4c2a-aa31-d9dcdaf2c543: attributed to 001412; 0.3 s; peak memory 767 MiB.
2026-10-03T16:43:12Z INFO [254/260] fb41275a-898f-4404-be6a-da3d09d86c7f: attributed to 001412; 0.3 s; peak memory 767 MiB.
2026-10-03T16:43:12Z INFO [255/260] fb547c53-1b67-4f03-a87a-918d2c3751dd: attributed to 001412; 0.3 s; peak memory 767 MiB.
2026-10-03T16:43:13Z INFO [256/260] fbccc6f9-1660-4cbb-a59d-daf596049ef2: attributed to 001412; 0.3 s; peak memory 767 MiB.
2026-10-03T16:43:13Z INFO [257/260] fcc4ec5a-9093-442e-af0b-de92636aaf6a: attributed to 001412; 0.3 s; peak memory 767 MiB.
2026-10-03T16:43:13Z INFO [258/260] fd0179f0-fa0f-48cf-a5ac-c53d0fdaf59c: attributed to 001412; 0.3 s; peak memory 767 MiB.
2026-10-03T16:43:13Z INFO [259/260] fe3480ce-0ab9-43ee-9804-50ee47e7ba75: attributed to 001412; 0.3 s; peak memory 767 MiB.
2026-10-03T16:43:14Z INFO [260/260] fe372f47-6e72-4dc9-b5ee-b0bc63c134e5: attributed to 001412; 0.3 s; peak memory 767 MiB.
2026-10-03T16:43:15Z INFO Wrote 534231 records to /tmp/derivatives/content_id_to_usage_dandiset_path.jsonl (260 new, 0 failed) in 1.6 min (peak memory 767 MiB).
2026-10-03T16:43:15Z INFO Resolved 260 ambiguous content IDs; 12024 of 12024 are now current, leaving 0 for later runs.
